Raw input: ''
Raw input: ''
Raw input: 'A'
Raw input: ''
Raw input: ''
Raw input: ''
Raw input: ''
Raw input: ''
Raw input: 'B'
Raw input: ''
Raw input: ''
Raw input: ''
Raw input: ''
Raw input: 'A'
Raw input: ''
Raw input: ''
Raw input: ''
Raw input: ''
Raw input: ''
Raw input: 'B'
Raw input: ''
Raw input: ''
Raw input: ''
Raw input: ''
Raw input: ''
Raw input: ''
Raw input: 'A'
Raw input: ''
Raw input: ''
Raw input: ''
Raw input: 'B'
Raw input: ''
Raw input: ''
Raw input: ''
Raw input: ''
Raw input: ''
Raw input: ''
Raw input: 'A'
Raw input: ''
Raw input: ''
Raw input: ''
Raw input: 'B'
Raw input: ''
Raw input: ''
Raw input: ''
Raw input: ''
Raw input: ''
Raw input: ''
Raw input: 'A'
Raw input: ''
Raw input: ''
Raw input: ''
Raw input: 'B'
Raw input: ''
Raw input: ''
Raw input: ''
Raw input: ''
Raw input: ''
Raw input: ''
Raw input: 'A'
Raw input: ''
Raw input: ''
Raw input: ''
Raw input: 'B'
Raw input: ''
Raw input: ''
Raw input: ''
Raw input: ''
Raw input: ''
Raw input: ''
Raw input: 'A'
Raw input: ''
Raw input: ''
Raw input: ''
Raw input: 'B'
Raw input: ''
Raw input: ''
Raw input: ''
Raw input: ''
Raw input: ''
Raw input: ''
Raw input: 'A'
Raw input: ''
Raw input: ''
Raw input: ''
Raw input: 'B'
Raw input: ''
Raw input: ''
Raw input: ''
Raw input: ''
Raw input: ''
Raw input: ''
Raw input: 'A'
Raw input: ''
Raw input: ''
Raw input: ''
Raw input: 'B'
Raw input: ''
Raw input: ''
Raw input: 'F'
Raw input: ''
Raw input: ''
Raw input: ''
Raw input: 'F'
Raw input: ''
Raw input: ''
Raw input: ''
Raw input: ''
Raw input: ''
Raw input: 'a'
Raw input: 'ngo'
Raw input: ''
Raw input: 'gabaoe'
Raw input: ''
Raw input: ''
Raw input: ''
Raw input: ''
Raw input: ''
Raw input: ''
Raw input: ''
Raw input: ''
Raw input: '-'
Raw input: ''
Raw input: ''
Raw input: ''
Raw input: ''
Raw input: ''
Raw input: ''
Raw input: 'e'
Raw input: 'F'
Raw input: 'Tb'
Raw input: ''
Raw input: 'dd'
Raw input: 'do'
Raw input: ''
Raw input: ''
Raw input: ''
Raw input: ''
Raw input: ''
Raw input: ''
Raw input: 'H'
Raw input: ''
Raw input: ''
Raw input: ''
Raw input: ''
Raw input: ''
Raw input: ''
Raw input: ''
Raw input: ''
Raw input: ''
Raw input: 'T'
Raw input: 'T'
Raw input: 'T'
Raw input: 'nc'
Raw input: ''
Raw input: ''
Raw input: ''
Raw input: '.'
Raw input: ''
Raw input: ''
Raw input: ''
Raw input: '-'
Raw input: ''
Raw input: ''
Raw input: 'b'
Raw input: 'b'
Raw input: 'BH'
Raw input: 'ad'
Raw input: '+'
Raw input: ''
Raw input: 'H'
Raw input: ''
Raw input: ''
Raw input: '-'
Raw input: '-'
Raw input: ''
Raw input: 'H'
Raw input: 'H'
Raw input: ''
Raw input: ''
Raw input: ''
Raw input: '-'
Raw input: ''
Raw input: ''
Raw input: 'H'
Raw input: 'H'
Raw input: 'T'
Raw input: ''
Raw input: 'y'
Raw input: ''
Raw input: ''
Raw input: ''
Raw input: ''
Raw input: '-'
Raw input: ''
Raw input: ''
Raw input: ''
Raw input: 'R'
Raw input: 'R'
Raw input: ''
Raw input: ''
Raw input: 'Ha'
Raw input: ''
Raw input: ''
Raw input: ''
Raw input: ''
Raw input: ''
Raw input: ''
